// Jest Snapshot v1, https://goo.gl/fbAQLP

exports[`matches snapshot 1`] = `
Array [
  <div
    className="css-12hvf5p"
  >
    <div
      className="css-1yryxfe"
    >
      <button
        aria-label="Switch to dark mode"
        className="chakra-button css-jsu1e6"
        onClick={[Function]}
        type="button"
      >
        <svg
          aria-hidden={true}
          fill="currentColor"
          focusable={false}
          height="1em"
          stroke="currentColor"
          strokeWidth="0"
          style={
            Object {
              "color": undefined,
            }
          }
          viewBox="0 0 512 512"
          width="1em"
          xmlns="http://www.w3.org/2000/svg"
        >
          <path
            d="M283.211 512c78.962 0 151.079-35.925 198.857-94.792 7.068-8.708-.639-21.43-11.562-19.35-124.203 23.654-238.262-71.576-238.262-196.954 0-72.222 38.662-138.635 101.498-174.394 9.686-5.512 7.25-20.197-3.756-22.23A258.156 258.156 0 0 0 283.211 0c-141.309 0-256 114.511-256 256 0 141.309 114.511 256 256 256z"
          />
        </svg>
      </button>
      <div
        className="chakra-stack css-uc6l60"
      >
        <div
          className="css-mx5jal"
        >
          <div
            className="css-1jif775"
          >
            <div
              className="chakra-stack css-owjkmg"
            >
              <div
                className="css-0"
                style={
                  Object {
                    "position": "relative",
                  }
                }
              >
                <span
                  style={
                    Object {
                      "font-size": "2em",
                      "font-weight": "bold",
                    }
                  }
                >
                  <span
                    className="myTypist"
                  >
                    
                  </span>
                  <span
                    className="typist-cursor myCursor myTypist"
                    style={
                      Object {
                        "animation": "blink 700ms steps(1) infinite",
                        "animationDelay": "0ms",
                        "color": "",
                        "opacity": 0,
                        "visibility": "visible",
                      }
                    }
                  >
                    |
                  </span>
                </span>
              </div>
              <div
                className="css-8cmolj"
              >
                <div
                  className="css-xi606m"
                >
                  <h2
                    className="chakra-heading css-1dklj6k"
                  >
                    Welcome!
                  </h2>
                  <p
                    className="chakra-text css-rltemf"
                  >
                    Please select your login method
                  </p>
                </div>
                <div
                  className="css-1mdqppq"
                >
                  <button
                    className="chakra-button css-1b1shkm"
                    type="button"
                  >
                    <a
                      className="chakra-link css-f4h6uy"
                      href="/studentlogin"
                    >
                      Student
                    </a>
                  </button>
                </div>
                <div
                  className="css-1mdqppq"
                >
                  <button
                    className="chakra-button css-1b1shkm"
                    type="button"
                  >
                    <a
                      className="chakra-link css-f4h6uy"
                      href="/teacherlogin"
                    >
                      Teacher
                    </a>
                  </button>
                </div>
              </div>
            </div>
          </div>
          <div
            className="css-1fcwpvw"
            style={
              Object {
                "paddingTop": "20%",
              }
            }
          >
            <img
              className="chakra-image__placeholder css-0"
            />
          </div>
        </div>
      </div>
      <img
        alt="image"
        className="chakra-image__placeholder css-1591w8z"
      />
    </div>
  </div>,
  <span />,
]
`;
